{"level":"info","message":"[Cache] Using in-memory cache backend","service":"vybaa-lite-server","timestamp":"2026-09-03 00:59:28"}
{"level":"info","message":"🚀 Server running on port 4000","service":"vybaa-lite-server","timestamp":"2026-09-03 00:59:30"}
{"level":"info","message":"Starting notification scheduler...","service":"vybaa-lite-server","timestamp":"2026-09-03 00:59:30"}
{"level":"info","message":"Notification scheduler started successfully","service":"vybaa-lite-server","timestamp":"2026-09-03 00:59:30"}
{"level":"info","message":"SIGTERM signal received: closing HTTP server","service":"vybaa-lite-server","timestamp":"2026-09-03 00:59:31"}
{"level":"info","message":"[Cache] Using in-memory cache backend","service":"vybaa-lite-server","timestamp":"2026-09-03 00:59:32"}
{"level":"info","message":"🚀 Server running on port 4000","service":"vybaa-lite-server","timestamp":"2026-09-03 00:59:33"}
{"level":"info","message":"Starting notification scheduler...","service":"vybaa-lite-server","timestamp":"2026-09-03 00:59:33"}
{"level":"info","message":"Notification scheduler started successfully","service":"vybaa-lite-server","timestamp":"2026-09-03 00:59:33"}
{"errorName":"ApiError","level":"warn","localDateKey":"2026-09-03","message":"Unable to generate a pending Rewind observation","service":"vybaa-lite-server","timestamp":"2026-09-03 00:59:34","userId":"cml5a0int0000153e9sxl0dei"}
{"level":"info","message":"SIGTERM signal received: closing HTTP server","service":"vybaa-lite-server","timestamp":"2026-09-03 00:59:36"}
{"level":"info","message":"[Cache] Using in-memory cache backend","service":"vybaa-lite-server","timestamp":"2026-09-03 00:59:36"}
{"level":"info","message":"🚀 Server running on port 4000","service":"vybaa-lite-server","timestamp":"2026-09-03 00:59:37"}
{"level":"info","message":"Starting notification scheduler...","service":"vybaa-lite-server","timestamp":"2026-09-03 00:59:37"}
{"level":"info","message":"Notification scheduler started successfully","service":"vybaa-lite-server","timestamp":"2026-09-03 00:59:37"}
{"errorName":"ApiError","level":"warn","localDateKey":"2026-09-03","message":"Unable to generate a pending Rewind observation","service":"vybaa-lite-server","timestamp":"2026-09-03 00:59:39","userId":"cml5a0int0000153e9sxl0dei"}
{"level":"info","message":"SIGINT signal received: closing HTTP server","service":"vybaa-lite-server","timestamp":"2026-09-03 00:59:47"}
{"level":"info","message":"[Cache] Using in-memory cache backend","service":"vybaa-lite-server","timestamp":"2026-09-03 00:59:50"}
{"level":"info","message":"🚀 Server running on port 4000","service":"vybaa-lite-server","timestamp":"2026-09-03 00:59:51"}
{"level":"info","message":"Starting notification scheduler...","service":"vybaa-lite-server","timestamp":"2026-09-03 00:59:51"}
{"level":"info","message":"Notification scheduler started successfully","service":"vybaa-lite-server","timestamp":"2026-09-03 00:59:51"}
{"errorName":"ApiError","level":"warn","localDateKey":"2026-09-03","message":"Unable to generate a pending Rewind observation","service":"vybaa-lite-server","timestamp":"2026-09-03 00:59:52","userId":"cml5a0int0000153e9sxl0dei"}
{"errorName":"ApiError","level":"error","message":"Rewind intelligence send chat message error","service":"vybaa-lite-server","timestamp":"2026-09-03 00:59:53","userId":"cml5a0int0000153e9sxl0dei"}
{"errorName":"ApiError","level":"error","message":"Rewind intelligence send chat message error","service":"vybaa-lite-server","timestamp":"2026-09-03 00:59:56","userId":"cml5a0int0000153e9sxl0dei"}
{"errorName":"ApiError","level":"error","message":"Rewind intelligence send chat message error","service":"vybaa-lite-server","timestamp":"2026-09-03 00:59:59","userId":"cml5a0int0000153e9sxl0dei"}
{"autoAbandoned":0,"graceStarted":0,"level":"info","message":"Processed goal v2 lifecycle","missed":0,"reminderCount":2,"service":"vybaa-lite-server","timestamp":"2026-09-03 01:00:51"}
{"level":"info","message":"SIGTERM signal received: closing HTTP server","service":"vybaa-lite-server","timestamp":"2026-09-03 01:00:55"}
{"level":"info","message":"[Cache] Using in-memory cache backend","service":"vybaa-lite-server","timestamp":"2026-09-03 01:00:56"}
{"level":"info","message":"🚀 Server running on port 4000","service":"vybaa-lite-server","timestamp":"2026-09-03 01:00:57"}
{"level":"info","message":"Starting notification scheduler...","service":"vybaa-lite-server","timestamp":"2026-09-03 01:00:57"}
{"level":"info","message":"Notification scheduler started successfully","service":"vybaa-lite-server","timestamp":"2026-09-03 01:00:57"}
{"errorName":"ApiError","level":"error","message":"Rewind intelligence send chat message error","service":"vybaa-lite-server","timestamp":"2026-09-03 01:00:58","userId":"cml5a0int0000153e9sxl0dei"}
{"errorName":"ApiError","level":"warn","localDateKey":"2026-09-03","message":"Unable to generate a pending Rewind observation","service":"vybaa-lite-server","timestamp":"2026-09-03 01:00:58","userId":"cml5a0int0000153e9sxl0dei"}
{"level":"info","message":"SIGTERM signal received: closing HTTP server","service":"vybaa-lite-server","timestamp":"2026-09-03 01:02:35"}
{"level":"info","message":"[Cache] Using in-memory cache backend","service":"vybaa-lite-server","timestamp":"2026-09-03 01:02:36"}
{"level":"info","message":"🚀 Server running on port 4000","service":"vybaa-lite-server","timestamp":"2026-09-03 01:02:37"}
{"level":"info","message":"Starting notification scheduler...","service":"vybaa-lite-server","timestamp":"2026-09-03 01:02:37"}
{"level":"info","message":"Notification scheduler started successfully","service":"vybaa-lite-server","timestamp":"2026-09-03 01:02:37"}
{"errorName":"ApiError","level":"warn","localDateKey":"2026-09-03","message":"Unable to generate a pending Rewind observation","service":"vybaa-lite-server","timestamp":"2026-09-03 01:02:39","userId":"cml5a0int0000153e9sxl0dei"}
{"level":"info","message":"SIGTERM signal received: closing HTTP server","service":"vybaa-lite-server","timestamp":"2026-09-03 01:02:47"}
{"level":"info","message":"[Cache] Using in-memory cache backend","service":"vybaa-lite-server","timestamp":"2026-09-03 01:02:47"}
{"level":"info","message":"🚀 Server running on port 4000","service":"vybaa-lite-server","timestamp":"2026-09-03 01:02:49"}
{"level":"info","message":"Starting notification scheduler...","service":"vybaa-lite-server","timestamp":"2026-09-03 01:02:49"}
{"level":"info","message":"Notification scheduler started successfully","service":"vybaa-lite-server","timestamp":"2026-09-03 01:02:49"}
{"errorName":"ApiError","level":"warn","localDateKey":"2026-09-03","message":"Unable to generate a pending Rewind observation","service":"vybaa-lite-server","timestamp":"2026-09-03 01:02:49","userId":"cml5a0int0000153e9sxl0dei"}
{"errorName":"ApiError","level":"error","message":"Rewind intelligence send chat message error","service":"vybaa-lite-server","timestamp":"2026-09-03 01:02:51","userId":"cml5a0int0000153e9sxl0dei"}
{"level":"info","message":"SIGTERM signal received: closing HTTP server","service":"vybaa-lite-server","timestamp":"2026-09-03 01:02:59"}
{"level":"info","message":"[Cache] Using in-memory cache backend","service":"vybaa-lite-server","timestamp":"2026-09-03 01:02:59"}
{"level":"info","message":"🚀 Server running on port 4000","service":"vybaa-lite-server","timestamp":"2026-09-03 01:03:01"}
{"level":"info","message":"Starting notification scheduler...","service":"vybaa-lite-server","timestamp":"2026-09-03 01:03:01"}
{"level":"info","message":"Notification scheduler started successfully","service":"vybaa-lite-server","timestamp":"2026-09-03 01:03:01"}
{"errorName":"ApiError","level":"warn","localDateKey":"2026-09-03","message":"Unable to generate a pending Rewind observation","service":"vybaa-lite-server","timestamp":"2026-09-03 01:03:01","userId":"cml5a0int0000153e9sxl0dei"}
{"level":"info","message":"SIGTERM signal received: closing HTTP server","service":"vybaa-lite-server","timestamp":"2026-09-03 01:03:34"}
{"level":"info","message":"[Cache] Using in-memory cache backend","service":"vybaa-lite-server","timestamp":"2026-09-03 01:03:34"}
{"level":"info","message":"🚀 Server running on port 4000","service":"vybaa-lite-server","timestamp":"2026-09-03 01:03:36"}
{"level":"info","message":"Starting notification scheduler...","service":"vybaa-lite-server","timestamp":"2026-09-03 01:03:36"}
{"level":"info","message":"Notification scheduler started successfully","service":"vybaa-lite-server","timestamp":"2026-09-03 01:03:36"}
{"errorName":"ApiError","level":"warn","localDateKey":"2026-09-03","message":"Unable to generate a pending Rewind observation","service":"vybaa-lite-server","timestamp":"2026-09-03 01:03:37","userId":"cml5a0int0000153e9sxl0dei"}
{"errorName":"ApiError","level":"error","message":"Rewind intelligence send chat message error","service":"vybaa-lite-server","timestamp":"2026-09-03 01:03:38","userId":"cml5a0int0000153e9sxl0dei"}
{"level":"info","message":"SIGTERM signal received: closing HTTP server","service":"vybaa-lite-server","timestamp":"2026-09-03 01:04:18"}
{"level":"info","message":"[Cache] Using in-memory cache backend","service":"vybaa-lite-server","timestamp":"2026-09-03 01:04:18"}
{"level":"info","message":"🚀 Server running on port 4000","service":"vybaa-lite-server","timestamp":"2026-09-03 01:04:20"}
{"level":"info","message":"Starting notification scheduler...","service":"vybaa-lite-server","timestamp":"2026-09-03 01:04:20"}
{"level":"info","message":"Notification scheduler started successfully","service":"vybaa-lite-server","timestamp":"2026-09-03 01:04:20"}
{"errorName":"ApiError","level":"warn","localDateKey":"2026-09-03","message":"Unable to generate a pending Rewind observation","service":"vybaa-lite-server","timestamp":"2026-09-03 01:04:21","userId":"cml5a0int0000153e9sxl0dei"}
{"errorName":"ApiError","level":"error","message":"Rewind intelligence send chat message error","service":"vybaa-lite-server","timestamp":"2026-09-03 01:04:22","userId":"cml5a0int0000153e9sxl0dei"}
{"level":"info","message":"SIGTERM signal received: closing HTTP server","service":"vybaa-lite-server","timestamp":"2026-09-03 01:04:31"}
{"level":"info","message":"[Cache] Using in-memory cache backend","service":"vybaa-lite-server","timestamp":"2026-09-03 01:04:32"}
{"level":"info","message":"🚀 Server running on port 4000","service":"vybaa-lite-server","timestamp":"2026-09-03 01:04:33"}
{"level":"info","message":"Starting notification scheduler...","service":"vybaa-lite-server","timestamp":"2026-09-03 01:04:33"}
{"level":"info","message":"Notification scheduler started successfully","service":"vybaa-lite-server","timestamp":"2026-09-03 01:04:33"}
{"errorName":"ApiError","level":"warn","localDateKey":"2026-09-03","message":"Unable to generate a pending Rewind observation","service":"vybaa-lite-server","timestamp":"2026-09-03 01:04:34","userId":"cml5a0int0000153e9sxl0dei"}
{"errorName":"ApiError","level":"error","message":"Rewind intelligence send chat message error","service":"vybaa-lite-server","timestamp":"2026-09-03 01:05:40","userId":"cml5a0int0000153e9sxl0dei"}
{"level":"info","message":"SIGTERM signal received: closing HTTP server","service":"vybaa-lite-server","timestamp":"2026-09-03 01:07:02"}
{"level":"info","message":"[Cache] Using in-memory cache backend","service":"vybaa-lite-server","timestamp":"2026-09-03 01:07:02"}
{"level":"info","message":"🚀 Server running on port 4000","service":"vybaa-lite-server","timestamp":"2026-09-03 01:07:04"}
{"level":"info","message":"Starting notification scheduler...","service":"vybaa-lite-server","timestamp":"2026-09-03 01:07:04"}
{"level":"info","message":"Notification scheduler started successfully","service":"vybaa-lite-server","timestamp":"2026-09-03 01:07:04"}
{"errorName":"ApiError","level":"warn","localDateKey":"2026-09-03","message":"Unable to generate a pending Rewind observation","service":"vybaa-lite-server","timestamp":"2026-09-03 01:07:05","userId":"cml5a0int0000153e9sxl0dei"}
{"errorName":"ApiError","level":"error","message":"Rewind intelligence send chat message error","service":"vybaa-lite-server","timestamp":"2026-09-03 01:07:07","userId":"cml5a0int0000153e9sxl0dei"}
{"level":"info","message":"SIGTERM signal received: closing HTTP server","service":"vybaa-lite-server","timestamp":"2026-09-03 01:08:47"}
{"level":"info","message":"[Cache] Using in-memory cache backend","service":"vybaa-lite-server","timestamp":"2026-09-03 01:08:48"}
{"level":"info","message":"🚀 Server running on port 4000","service":"vybaa-lite-server","timestamp":"2026-09-03 01:08:49"}
{"level":"info","message":"Starting notification scheduler...","service":"vybaa-lite-server","timestamp":"2026-09-03 01:08:49"}
{"level":"info","message":"Notification scheduler started successfully","service":"vybaa-lite-server","timestamp":"2026-09-03 01:08:49"}
{"errorName":"ApiError","level":"warn","localDateKey":"2026-09-03","message":"Unable to generate a pending Rewind observation","service":"vybaa-lite-server","timestamp":"2026-09-03 01:08:51","userId":"cml5a0int0000153e9sxl0dei"}
{"errorName":"ApiError","level":"error","message":"Rewind intelligence send chat message error","service":"vybaa-lite-server","timestamp":"2026-09-03 01:08:54","userId":"cml5a0int0000153e9sxl0dei"}
{"level":"info","message":"SIGINT signal received: closing HTTP server","service":"vybaa-lite-server","timestamp":"2026-09-03 01:09:39"}
{"level":"info","message":"[Cache] Using in-memory cache backend","service":"vybaa-lite-server","timestamp":"2026-09-03 01:09:57"}
{"level":"info","message":"🚀 Server running on port 4000","service":"vybaa-lite-server","timestamp":"2026-09-03 01:09:59"}
{"level":"info","message":"Starting notification scheduler...","service":"vybaa-lite-server","timestamp":"2026-09-03 01:09:59"}
{"level":"info","message":"Notification scheduler started successfully","service":"vybaa-lite-server","timestamp":"2026-09-03 01:09:59"}
{"attempted":1,"generated":1,"level":"info","message":"Refreshed Rewind daily observations","service":"vybaa-lite-server","timestamp":"2026-09-03 01:10:07"}
{"clientApp":"vybaa","level":"info","message":"FCM token registered","service":"vybaa-lite-server","timestamp":"2026-09-03 01:17:01","userId":"cml5a0int0000153e9sxl0dei"}
{"level":"info","message":"SIGTERM signal received: closing HTTP server","service":"vybaa-lite-server","timestamp":"2026-09-03 01:18:12"}
{"level":"info","message":"[Cache] Using in-memory cache backend","service":"vybaa-lite-server","timestamp":"2026-09-03 01:18:12"}
{"level":"info","message":"🚀 Server running on port 4000","service":"vybaa-lite-server","timestamp":"2026-09-03 01:18:14"}
{"level":"info","message":"Starting notification scheduler...","service":"vybaa-lite-server","timestamp":"2026-09-03 01:18:14"}
{"level":"info","message":"Notification scheduler started successfully","service":"vybaa-lite-server","timestamp":"2026-09-03 01:18:14"}
{"attempted":1,"generated":1,"level":"info","message":"Refreshed Rewind daily observations","service":"vybaa-lite-server","timestamp":"2026-09-03 01:18:21"}
{"level":"info","message":"SIGTERM signal received: closing HTTP server","service":"vybaa-lite-server","timestamp":"2026-09-03 01:27:00"}
{"level":"info","message":"[Cache] Using in-memory cache backend","service":"vybaa-lite-server","timestamp":"2026-09-03 01:27:00"}
{"level":"info","message":"🚀 Server running on port 4000","service":"vybaa-lite-server","timestamp":"2026-09-03 01:27:02"}
{"level":"info","message":"Starting notification scheduler...","service":"vybaa-lite-server","timestamp":"2026-09-03 01:27:02"}
{"level":"info","message":"Notification scheduler started successfully","service":"vybaa-lite-server","timestamp":"2026-09-03 01:27:02"}
{"attempted":1,"generated":1,"level":"info","message":"Refreshed Rewind daily observations","service":"vybaa-lite-server","timestamp":"2026-09-03 01:27:10"}
{"clientApp":"vybaa","level":"info","message":"FCM token registered","service":"vybaa-lite-server","timestamp":"2026-09-03 01:30:15","userId":"cml5a0int0000153e9sxl0dei"}
